FOT1831W04H#
FOT1831W04H#
FOT1831W04H#term length 0
FOT1831W04H#show post
Stored system POST messages:

Switch 1
---------

POST: MA BIST : Begin
  FC 1   MBIST Test Passed.
  DP Sg1 MBIST Test Passed.
  DP Xg1 MBIST Test Passed.
  NI 1   MBIST Test Passed.
  FC 0   MBIST Test Passed.
  DP Sg0 MBIST Test Passed.
  DP Xg0 MBIST Test Passed.
  NI 0   MBIST Test Passed.
  UPB    MBIST Test Passed.
POST: MA BIST : End, Status Passed

POST: TCAM BIST : Begin
POST: TCAM BIST : End, Status Passed

POST: Inline Power Controller Tests : Begin
POST: Inline Power Controller Tests : End, Status Passed

POST: Thermal, Fan Tests : Begin
POST: Thermal, Fan Tests : End, Status Passed

POST: PortASIC Stack Port Loopback Tests : Begin
POST: PortASIC Stack Port Loopback Tests : End, Status Passed

POST: PortASIC Port Loopback Tests : Begin
POST: PortASIC Port Loopback Tests : End, Status Passed

POST: EMAC Loopback Tests : Begin
POST: EMAC Loopback Tests : End, Status Passed

FOT1831W04H#show license
Index 1 Feature: lanlite        
        Period left: 0  minute  0  second  
Index 2 Feature: lanbase        
        Period left: Life time
        License Type: Permanent
        License State: Active, In Use
        License Priority: Medium
        License Count: Non-Counted


FOT1831W04H#show license right-to-use summary
                         ^
% Invalid input detected at '^' marker.

FOT1831W04H#show inventory
NAME: "1", DESCR: "WS-C2960S-48FPS-L"
PID: WS-C2960S-48FPS-L , VID: V04  , SN: FOT1831W04H


FOT1831W04H#show version
Cisco IOS Software, C2960S Software (C2960S-UNIVERSALK9-M), Version 12.2(55)SE5, RELEASE SOFTWARE (fc1)
Technical Support: http://www.cisco.com/techsupport
Copyright (c) 1986-2012 by Cisco Systems, Inc.
Compiled Thu 09-Feb-12 19:22 by prod_rel_team
Image text-base: 0x00003000, data-base: 0x01B00000

ROM: Bootstrap program is Alpha board boot loader
BOOTLDR: C2960S Boot Loader (C2960S-HBOOT-M) Version 12.2(55r)SE, RELEASE SOFTWARE (fc1)

FOT1831W04H uptime is 3 minutes
System returned to ROM by power-on
System image file is "flash:/c2960s-universalk9-mz.122-55.SE5/c2960s-universalk9-mz.122-55.SE5.bin"


This product contains cryptographic features and is subject to United
States and local country laws governing import, export, transfer and
use. Delivery of Cisco cryptographic products does not imply
third-party authority to import, export, distribute or use encryption.
Importers, exporters, distributors and users are responsible for
compliance with U.S. and local country laws. By using this product you
agree to comply with applicable laws and regulations. If you are unable
to comply with U.S. and local laws, return this product immediately.

A summary of U.S. laws governing Cisco cryptographic products may be found at:
http://www.cisco.com/wwl/export/crypto/tool/stqrg.html

If you require further assistance please contact us by sending email to
export@cisco.com.

cisco WS-C2960S-48FPS-L (PowerPC) processor (revision H0) with 131072K bytes of memory.
Processor board ID FOT1831W04H
Last reset from power-on
1 Virtual Ethernet interface
1 FastEthernet interface
52 Gigabit Ethernet interfaces
The password-recovery mechanism is enabled.

512K bytes of flash-simulated non-volatile configuration memory.
Base ethernet MAC Address       : CC:D8:C1:EB:28:80
Motherboard assembly number     : 73-12547-09
Power supply part number        : 341-0382-02
Motherboard serial number       : FOC182954YR
Power supply serial number      : DCA1826V0U9
Model revision number           : H0
Motherboard revision number     : A0
Model number                    : WS-C2960S-48FPS-L
Daughterboard assembly number   : 73-11933-04
Daughterboard serial number     : FOC18300Q81
System serial number            : FOT1831W04H
Top Assembly Part Number        : 800-32647-04
Top Assembly Revision Number    : C0
Version ID                      : V04
CLEI Code Number                : COMGB00ARD
Daughterboard revision number   : A0
Hardware Board Revision Number  : 0x01


Switch Ports Model              SW Version            SW Image                 
------ ----- -----              ----------            ----------               
*    1 52    WS-C2960S-48FPS-L  12.2(55)SE5           C2960S-UNIVERSALK9-M     


Configuration register is 0xF

FOT1831W04H#show env all
FAN is OK
TEMPERATURE is OK
Temperature Value: 24 Degree Celsius
Temperature State: GREEN
Yellow Threshold : 51 Degree Celsius
Red Threshold    : 61 Degree Celsius
SW  PID                 Serial#     Status           Sys Pwr  PoE Pwr  Watts
--  ------------------  ----------  ---------------  -------  -------  -----
 1  Built-in                                         Good

SW  Status          RPS Name          RPS Serial#  RPS Port#
--  -------------   ----------------  -----------  ---------
1   <>              <>

FOT1831W04H#show post
Stored system POST messages:

Switch 1
---------

POST: MA BIST : Begin
  FC 1   MBIST Test Passed.
  DP Sg1 MBIST Test Passed.
  DP Xg1 MBIST Test Passed.
  NI 1   MBIST Test Passed.
  FC 0   MBIST Test Passed.
  DP Sg0 MBIST Test Passed.
  DP Xg0 MBIST Test Passed.
  NI 0   MBIST Test Passed.
  UPB    MBIST Test Passed.
POST: MA BIST : End, Status Passed

POST: TCAM BIST : Begin
POST: TCAM BIST : End, Status Passed

POST: Inline Power Controller Tests : Begin
POST: Inline Power Controller Tests : End, Status Passed

POST: Thermal, Fan Tests : Begin
POST: Thermal, Fan Tests : End, Status Passed

POST: PortASIC Stack Port Loopback Tests : Begin
POST: PortASIC Stack Port Loopback Tests : End, Status Passed

POST: PortASIC Port Loopback Tests : Begin
POST: PortASIC Port Loopback Tests : End, Status Passed

POST: EMAC Loopback Tests : Begin
POST: EMAC Loopback Tests : End, Status Passed

FOT1831W04H#show diagnostic result switch all 

Switch 1:   SerialNo : FOT1831W04H

  Overall diagnostic result: MAJOR ERROR

  Test results: (. = Pass, F = Fail, U = Untested)

    1) TestPortAsicStackPortLoopback ---> .
    2) TestPortAsicLoopback ------------> .
    3) TestPortAsicCam -----------------> .
    4) TestPortAsicMem -----------------> .
    5) TestInlinePwrCtlr ---------------> .


FOT1831W04H#show license
Index 1 Feature: lanlite        
        Period left: 0  minute  0  second  
Index 2 Feature: lanbase        
        Period left: Life time
        License Type: Permanent
        License State: Active, In Use
        License Priority: Medium
        License Count: Non-Counted


FOT1831W04H#show inventory
NAME: "1", DESCR: "WS-C2960S-48FPS-L"
PID: WS-C2960S-48FPS-L , VID: V04  , SN: FOT1831W04H


