
TermG#
TermG#terminal width 511
TermG#terminal length 0
TermG#
TermG#telnet L14
Trying L14 (192.168.1.250, 2016)... Open


switch: 

switch: 

switch: 

switch: flash
Initializing Flash...

flashfs[7]: 0 files, 1 directories
flashfs[7]: 0 orphaned files, 0 orphaned directories
flashfs[7]: Total bytes: 6784000
flashfs[7]: Bytes used: 1024
flashfs[7]: Bytes available: 6782976
flashfs[7]: flashfs fsck took 1 seconds....done Initializing Flash.

switch: 

switch: set SWITCH_IGNORE_STARTUP_CFG 1

switch: 

switch: set SWITCH_NUMBER 1

switch: 

switch: set SWITCH_PRIORITY 1

switch: boot flash:packages.conf
Getting rest of image
Reading full image into memory....done
Reading full base package into memory...: done = 79110340
Nova Bundle Image
--------------------------------------
Kernel Address    : 0x6042f350
Kernel Size       : 0x402ecf/4206287
Initramfs Address : 0x60832220
Initramfs Size    : 0xdb86a3/14386851
Compression Format: .mzip

Bootable image at @ ram:0x6042f350
Bootable image segment 0 address range [0x81100000, 0x82110000] is in range [0x80180000, 0x90000000].
@@@@@@@@@@@@@@@@@@@@@@@@@@@@@@@@@@@@@@@@@@@@@@@@@@@@@@@@@@@@@@@@@@@@@@@boot_system: 380
Loading Linux kernel with entry point 0x81653a10 ...
Bootloader: Done loading app on core_mask: 0xf

### Launching Linux Kernel (flags = 0x5)





All packages are Digitally Signed

Starting System Services


















Front-end Microcode IMG MGR: found 4 microcode images for 1 device.
Image for front-end 0: /tmp/microcode_update/front_end/fe_type_6_0
Image for front-end 0: /tmp/microcode_update/front_end/fe_type_6_1
Image for front-end 0: /tmp/microcode_update/front_end/fe_type_6_2
Image for front-end 0: /tmp/microcode_update/front_end/fe_type_6_3

Front-end Microcode IMG MGR: Preparing to program device microcode...
Front-end Microcode IMG MGR: Preparing to program device[0]...594412 bytes.... Skipped[0].
Front-end Microcode IMG MGR: Preparing to program device[0]...379370 bytes.
Front-end Microcode IMG MGR: Programming device 0...rwRrrrrrr
wssssssssssssssssssspssssssssssssssssssspssssssssssssssssssspssssssssssssssssssspssssssssssssssssssspssssssssssssssssssspssssssssssssssssssspssssssssssssssssssspssssssssssssssssssspssssssssssssssssssspssssssssssssssssssspssssssssssssssssssspssssssssssssssssssspssssssssssssssssssspssssssssssssssssssspssssssssssssssssssspssssssssssssssssssspssssssssssssssssssspssssssssssssssssssspssssssssssssssssssspssssssssssssssssssspssssssssssssssssssspssssssssssssssssssspssssssssssssssssssspssssssssssssssssssspssssssssssssssssssspssssssssssssssssssspssssssssssssssssssspssssssssssssssssssspssssssssssssssssssspssssssssssssssssssspssssssssssssssssssspssssssssssssssssssspssssssssssssssssssspssssssssssssssssssspssssssssssssssssssspssssssssssssssssssspssssssssssssssssssspssssssssssssssssssspssssssssssssssssssspssssssssssssssssssspssssssssssssssssssspssssssssssssssssssspssssssssssssssssssspssssssssssssssssssspssssssssssssssssssspssssssssssssssssssspssssssssssssssssssspssssssssssssssssssspssssssssssssssssssspssssssssssssssssssspssssssssssssssssssspssssssssssssssssssspssssssssssssssssssspssssssssssssssssssspssssssssssssssssssspssssssssssssssssssspssssssssssssssssssspssssssssssssssssssspssssssssssssssssssspssssssssssssssssssspssssssssssssssssssspssssssssssssssssssspssssssssssssssssssspssssssssssssssssssspssssssssssssssssssspssssssssssssssssssspssssssssssssssssssspssssssssssssssssssspssssssssssssssssssspssssssssssssssssssspssssssssssssssssssspssssssssssssssssssspssssssssssssssssssspssssssssssssssssssspssssssssssssssssssspssssssssssssssssssspssssssssssssssssssspssssssssssssssssssspssssssssssssssssssspssssssssssssssssssspssssssssssssssssssspssssssssssssssssssspssssssssssssssssssspssssssssssssssssssspssssssssssssssssssspssssssssssssssssssspssssssssssssssssssspssssssssssssssssssspssssssssssssssssssspssssssssssssssssssspssssssssssssssssssspssssssssssssssssssspssssssssssssssssssspssssssssssssssssssspssssssssssssssssssspssssssssssssssssssspssssssssssssssssssspssssssssssssssssssspssssssssssssssssssspssssssssssssssssssspssssssssssssssssssspssssssssssssssssssspssssssssssssssssssspssssssssssssssssssspssssssssssssssssssspssssssssssssssssssspssssssssssssssssssspssssssssssssssssssspssssssssssssssssssspssssssssssssssssssspssssssssssssssssssspssssssssssssssssssspssssssssssssssssssspssssssssssssssssssspssssssssssssssssssspssssssssssssssssssspssssssssssssssssssspssssssssssssssssssspssssssssssssssssssspssssssssssssssssssspssssssssssssssssssspssssssssssssssssssspssssssssssssssssssspssssssssssssssssssspssssssssssssssssssspssssssssssssssssssspssssssssssssssssssspssssssssssssssssssspssssssssssssssssssspssssssssssssssssssspssssssssssssssssssspssssssssssssssssssspssssssssssssssssssspssssssssssssssssssspssssssssssssssssssspssssssssssssssssssspssssssssssssssssssspssssssssssssssssssspssssssssssssssssssspssssssssssssssssssspssssssssssssssssssspssssssssssssssssssspssssssssssssssssssspssssssssssssssssssspssssssssssssssssssspssssssssssssssssssspssssssssssssssssssspssssssssssssssssssspssssssssssssssssssspssssssssssssssssssspssssssssssssssssssspssssssssssssssssssspssssssssssssssssssspssssssssssssssssssspssssssssssssssssssspssssssssssssssssssspssssssssssssssssssspssssssssssssssssssspssssssssssssssssssspssssssssssssssssssspssssssssssssssssssspssssssssssssssssssspssssssssssssssssssspssssssssssssssssssspssssssssssssssssssspssssssssssssssssssspssssssssssssssssssspssssssssssssssssssspssssssssssssssssssspssssssssssssssssssspssssssssssssssssssspssssssssssssssssssspssssssssssssssssssspssssssssssssssssssspssssssssssssssssssspssssssssssssssssssspssssssssssssssssssspssssssssssssssssssspssssssssssssssssssspssssssssssssssssssspssssssssssssssssssspssssssssssssssssssspssssssssssssssssssspssssssssssssssssssspssssssssssssssssssspssssssssssssssssssspssssssssssssssssssspssssssssssssssssssspssssssssssssssssssspssssssssssssssssssspssssssssssssssssssspssssssssssssssssssspssssssssssssssssssspssssssssssssssssssspssssssssssssssssssspssssssssssssssssssspssssssssssssssssssspssssssssssssssssssspssssssssssssssssssspssssssssssssssssssspssssssssssssssssssspssssssssssssssssssspssssssssssssssssssspssssssssssssssssssspssssssssssssssssssspssssssssssssssssssspssssssssssssssssssspssssssssssssssssssspssssssssssssssssssspssssssssssssssssssspssssssssssssssssssspssssssssssssssssssspssssssssssssssssssspssssssssssssssssssspssssssssssssssssssspssssssssssssssssssspssssssssssssssssssspssssssssssssssssssspssssssssssssssssssspssssssssssssssssssspssssssssssssssssssspssssssssssssssssssspssssssssssssssssssspssssssssssssssssssspssssssssssssssssssspssssssssssssssssssspssssssssssssssssssspssssssssssssssssssspssssssssssssssssssspssssssssssssssssssspssssssssssssssssssspssssssssssssssssssspssssssssssssssssssspssssssssssssssssssspssssssssssssssssssspssssssssssssssssssspssssssssssssssssssspssssssssssssssssssspssssssssssssssssssspssssssssssssssssssspssssssssssssssssssspssssssssssssssssssspssssssssssssssssssspssssssssssssssssssspssssssssssssssssssspssssssssssssssssssspssssssssssssssssssspssssssssssssssssssspssssssssssssssssssspssssssssssssssssssspssssssssssssssssssspssssssssssssssssssspssssssssssssssssssspssssssssssssssssssspssssssssssssssssssspssssssssssssssssssspssssssssssssssssssspssssssssssssssssssspssssssssssssssssssspssssssssssssssssssspssssssssssssssssssspssssssssssssssssssspssssssssssssssssssspssssssssssssssssssspssssssssssssssssssspssssssssssssssssssspssssssssssssssssssspssssssssssssssssssspssssssssssssssssssspssssssssssssssssssspssssssssssssssssssspssssssssssssssssssspssssssssssssssssssspssssssssssssssssssspssssssssssssssssssspssssssssssssssssssspssssssssssssssssssspssssssssssssssssssspssssssssssssssssssspssssssssssssssssssspssssssssssssssssssspssssssssssssssssssspssssssssssssssssssspssssssssssssssssssspssssssssssssssssssspssssssssssssssssssspssssssssssssssssssspssssssssssssssssssspssssssssssssssssssspssssssssssssssssssspssssssssssssssssssspssssssssssssssssssspssssssssssssssssssspssssssssssssssssssspssssssssssssssssssspssssssssssssssssssspssssssssssssssssssspssssssssssssssssssspssssssssssssssssssspssssssssssssssssssspssssssssssssssssssspssssssssssssssssssspssssssssssssssssssspssssssssssssssssssspssssssssssssssssssspssssssssssssssssssspssssssssssssssssssspssssssssssssssssssspssssssssssssssssssspssssssssssssssssssspssssssssssssssssssspssssssssssssssssssspssssssssssssssssssspssssssssssssssssssspssssssssssssssssssspssssssssssssssssssspssssssssssssssssssspssssssssssssssssssspssssssssssssssssssspssssssssssssssssssspssssssssssssssssssspssssssssssssssssssspssssssssssssssssssspssssssssssssssssssspssssssssssssssssssspssssssssssssssssssspssssssssssssssssssspssssssssssssssssssspssssssssssssssssssspssssssssssssssssssspssssssssssssssssssspssssssssssssssssssspssssssssssssssssssspssssssssssssssssssspssssssssssssssssssspssssssssssssssssssspssssssssssssssssssspssssssssssssssssssspssssssssssssssssssspssssssssssssssssssspssssssssssssssssssspssssssssssssssssssspssssssssssssssssssspssssssssssssssssssspssssssssssssssssssspssssssssssssssssssspssssssssssssssssssspssssssssssssssssssspssssssssssssssssssspssssssssssssssssssspssssssssssssssssssspssssssssssssssssssspssssssssssssssssssspssssssssssssssssssspssssssssssssssssssspssssssssssssssssssspssssssssssssssssssspssssssssssssssssssspssssssssssssssssssspssssssssssssssssssspssssssssssssssssssspssssssssssssssssssspssssssssssssssssssspssssssssssssssssssspssssssssssssssssssspssssssssssssssssssspssssssssssssssssssspssssssssssssssssssspssssssssssssssssssspsssssssssssssssssssp
Front-end Microcode IMG MGR: Preparing to program device[0]...25166 bytes.
Front-end Microcode IMG MGR: Programming device 0...rrrrrrwssssssssssssssssssspssssssssssssssssssspssssssssssssssssssspssssssssssssssssssspssssssssssssssssssspssssssssssssssssssspssssssssssssssssssspssssssssssssssssssspssssssssssssssssssspssssssssssssssssssspssssssssssssssssssspssssssssssssssssssspssssssssssssssssssspssssssssssssssssssspssssssssssssssssssspssssssssssssssssssspssssssssssssssssssspssssssssssssssssssspssssssssssssssssssspssssssssssssssssssspssssssssssssssssssspssssssssssssssssssspssssssssssssssssssspssssssssssssssssssspssssssssssssssssssspwRr!
Front-end Microcode IMG MGR: Microcode programming complete for device 0.
Front-end Microcode IMG MGR: Preparing to program device[0]...86370 bytes.... Skipped[3].
Front-end Microcode IMG MGR: Microcode programming complete in 236 seconds


















              Restricted Rights Legend

Use, duplication, or disclosure by the Government is
subject to restrictions as set forth in subparagraph
(c) of the Commercial Computer Software - Restricted
Rights clause at FAR sec. 52.227-19 and subparagraph
(c) (1) (ii) of the Rights in Technical Data and Computer
Software clause at DFARS sec. 252.227-7013.

           cisco Systems, Inc.
           170 West Tasman Drive
           San Jose, California 95134-1706



Cisco IOS Software, IOS-XE Software, Catalyst L3 Switch Software (CAT3K_CAA-UNIVERSALK9-M), Version 03.03.04SE RELEASE SOFTWARE (fc3)
Technical Support: http://www.cisco.com/techsupport
Copyright (c) 1986-2014 by Cisco Systems, Inc.
Compiled Fri 29-Aug-14 22:22 by prod_rel_team

Cisco IOS-XE software, Copyright (c) 2005-2014 by cisco Systems, Inc.
All rights reserved.  Certain components of Cisco IOS-XE software are
licensed under the GNU General Public License ("GPL") Version 2.0.  The
software code licensed under GPL Version 2.0 is free software that comes
with ABSOLUTELY NO WARRANTY.  You can redistribute and/or modify such
GPL code under the terms of GPL Version 2.0.
(http://www.gnu.org/licenses/gpl-2.0.html) For more details, see the
documentation or "License Notice" file accompanying the IOS-XE software,
or the applicable URL provided on the flyer accompanying the IOS-XE
software.





FIPS: Flash Key Check : Begin
FIPS: Flash Key Check : End, Not Found,FIPS Mode Not Enabled

This product contains cryptographic features and is subject to United
States and local country laws governing import, export, transfer and
use. Delivery of Cisco cryptographic products does not imply
third-party authority to import, export, distribute or use encryption.
Importers, exporters, distributors and users are responsible for
compliance with U.S. and local country laws. By using this product you
agree to comply with applicable laws and regulations. If you are unable
to comply with U.S. and local laws, return this product immediately.

A summary of U.S. laws governing Cisco cryptographic products may be found at:
http://www.cisco.com/wwl/export/crypto/tool/stqrg.html

If you require further assistance please contact us by sending email to
export@cisco.com.

cisco WS-C3850-48P (MIPS) processor with 4194304K bytes of physical memory.
Processor board ID FOC1835X19H
2048K bytes of non-volatile configuration memory.
4194304K bytes of physical memory.
257008K bytes of Crash Files at crashinfo:.
1550272K bytes of Flash at flash:.
0K bytes of Dummy USB Flash at usbflash0:.
0K bytes of  at webui:.

Base Ethernet MAC Address          : 68:99:cd:6a:3c:00
Motherboard Assembly Number        : 73-14442-10
Motherboard Serial Number          : FOC18348ZG7
Model Revision Number              : R0
Motherboard Revision Number        : A0
Model Number                       : WS-C3850-48P
System Serial Number               : FOC1835X19H




         --- System Configuration Dialog ---

Enable secret warning
----------------------------------
In order to access the device manager, an enable secret is required
If you enter the initial configuration dialog, you will be prompted for the enable secret
If you choose not to enter the intial configuration dialog, or if you exit setup without setting the enable secret,
please set an enable secret using the following CLI in configuration mode-
enable secret 0 <cleartext password>
----------------------------------
Would you like to enter the initial configuration dialog? [yes/no]: 
% Please answer 'yes' or 'no'.
Would you like to enter the initial configuration dialog? [yes/no]: 
% Please answer 'yes' or 'no'.
Would you like to enter the initial configuration dialog? [yes/no]: 
% Please answer 'yes' or 'no'.
Would you like to enter the initial configuration dialog? [yes/no]: n



Press RETURN to get started!


*Jan 16 20:01:10.355: %SPANTREE-5-EXTENDED_SYSID: Extended SysId enabled for type vlan
*Jan 16 20:01:13.369: %LINK% Generating 1024 bit RSA keys, keys will be non-exportable...
[OK] (elapsed time was 1 seconds)
Failed to generate persistent self-signed certificate.
    Secure server will use temporary self-signed certificate.
te to up
*Jan 16 20:01:16.001: %LINEPROTO-5-UPDOWN: Line protocol on Interface Vlan1, changed state to down
*Jan 16 20:01:22.032: %SYS-6-STARTUP_CONFIG_IGNORED: System startup configuration is ignored based on the configuration register setting.
*Jan 16 20:01:25.279: %STACKMGR-6-ACTIVE_READY: 1 stack-mgr:  Active switch 1 is ready. System has been configured

*Jan 16 20:01:25.528: %SYS-5-RESTART: System restarted --
Cisco IOS Software, IOS-XE Software, Catalyst L3 Switch Software (CAT3K_CAA-UNIVERSALK9-M), Version 03.03.04SE RELEASE SOFTWARE (fc3)
Technical Support: http://www.cisco.com/techsupport
Copyright (c) 1986-2014 by Cisco Systems, Inc.
Compiled Fri 29-Aug-14 22:22 by prod_rel_team
*Jan 16 20:01:25.553: %AUTHMGR_SPI-6-START: Auth Manager SPI server started
*Jan 16 20:01:28.623: %LINK-5-CHANGED: Interface Vlan1, changed state to administratively down
*Jan 16 20:01:29.626: %LINEPROTO-5-UPD
Switch#
Switch#
Switch#



Booting...Initializing and Testing RAM ++++@@@@####...################################++@@++@@++@@++@@++@@++@@++@@++@@++@@++@@++@@++@@++@@++@@++@@++@@done.
Memory Test Pass!

Base ethernet MAC Address: bc:16:f5:e4:8f:80

Interface GE 0 link down***ERROR: PHY link is down
Initializing Flash...

flashfs[7]: 0 files, 1 directories
flashfs[7]: 0 orphaned files, 0 orphaned directories
flashfs[7]: Total bytes: 6784000
flashfs[7]: Bytes used: 1024
flashfs[7]: Bytes available: 6782976
flashfs[7]: flashfs fsck took 1 seconds....done Initializing Flash.
Reading full image into memory.....................................................................................................................................................................................................................................................................................................done
exit
 1.99 has been enabled
Switch>
Switch>
Switch>
Switch>
Switch>
Switch>
Switch>
Switch>en
Switch#
Switch#
Switch#
Switch#copy run start
Destination filename [startup-config]? 
Warning: Attempting to overwrite an NVRAM configuration previously written
by a different version of the system image.
Overwrite the previous NVRAM configuration?[confirm]
Building configuration...
Compressed configuration from 3603 bytes to 1554 bytes[OK]
Switch#write erase
Erasin
Interface GE 0 link down***ERROR: PHY link is down
Initializing Flash...


[OK]
Erase of nvram: complete
Switch#
*Jan 16 20:04:50.832: %SYS-7-NV_BLOCK_INIT: Initialized the geometry of nvramterminal length 0
Switch#diagnostic start switch 1 test non-disruptive
Switch#
*Jan 16 20:04:55.313: %DIAG-6-TEST_RUNNING: switch 1: Running DiagGoldPktTest{ID=1} ...
*Jan 16 20:04:56.301: %DIAG-6-TEST_OK: switch 1: DiagGoldPktTest{ID=1} has completed successfully
*Jan 16 20:04:56.301: %DIAG-6-TEST_RUNNING: switch 1: Running DiagThermalTest{ID=2} ...
*Jan 16 20:04:56.321:.....................................................................exit

*Jan 16 20:04:56.321: %DIAG-6-TEST_RUNNING: switch 1: Running DiagFanTest{ID=3} ...
*Jan 16 20:04:56.361: %DIAG-6-TEST_OK: switch 1: DiagFanTest{ID=3} has completed successfully
*Jan 16 20:04:56.361: %DIAG-6-TEST_RUNNING: switch 1: Running DiagScratchRegisterTest{ID=5} ...
*Jan 16 20:04:56.524: %DIAG-6-TEST_OK: switch 1: DiagScratchRegisterTest{ID=5} has completed successfullyshow diagn result swi 1

Current bootup diagnostic level: minimal

switch 1:   SerialNo : FOC1835X19H

  Overall Diagnostic Result for switch 1 : PASS
  Diagnostic level at card bootup: minimal

  Test results: (. = Pass, F = Fail, U = Untested)

    1) DiagGoldPktTest: 

   Port  1  2  3  4  5  6  7  8  9 10 11 12 13 14 15 16 17 18 19 20 21 22 23 24
   ----------------------------------------------------------------------------
         .  .  .  .  .  .  .  .  .  .  .  .  .  .  .  .  .  .  .  .  .  .  .  . 

   Port 25 26 27 28 29 30 31 32 33 34 35 36 37 38 39 40 41 42 43 44 45 46 47 48
   ----------------------------------------------------------------------------
         .  .  .  .  .  .  .  .  .  .  .  .  .  .  .  .  .  .  .  .  .  .  .  . 

   Port 49 50 51 52 53 54 55 56
   ----------------------------
         .  .  .  .  .  .  .  . 


    2) DiagThermalTest -----------------> .
    3) DiagFanTest ---------------------> .
    4) DiagPhyLoopbackTest: 

   Port  1  2  3  4  5  6  7  8  9 10 11 12 13 14 15 16 17 18 19 20 21 22 23 24
   ----------------------------------------------------------------------------
         U  U  U  U  U  U  U  U  U  U  U  U  U  U  U  U  U  U  U  U  U  U  U  U 

   Port 25 26 27 28 29 30 31 32 33 34 35 36 37 38 39 40 41 42 43 44 45 46 47 48
   ----------------------------------------------------------------------------
         U  U  U  U  U  U  U  U  U  U  U  U  U  U  U  U  U  U  U  U  U  U  U  U 

   Port 49 50 51 52 53 54 55 56
   ----------------------------
         U  U  U  U  U  U  U  U 


    5) DiagScratchRegisterTest ---------> .
    6) DiagPoETest ---------------------> U
    7) DiagStackCableTest --------------> U
    8) DiagMemoryTest ------------------> U


Switch#show post
Stored system POST messages:

Switch 1
---------
POST: MBIST Tests : Begin
POST: MBIST Tests : End, Status Passed

POST: PHY Loopback: loopback Test : Begin
POST: PHY Loopback: loopback Test : End, Status Passed

POST: Inline Power Controller Tests : Begin
POST: Inline Power Controller Tests : End, Status Passed

POST: Thermal, Temperature Tests : Begin
POST: Thermal, Temperature Tests : End, Status Passed

POST: Thermal, Fan Tests : Begin
POST: Thermal, Fan Tests : End, Status Passed

POST: SIF Tests : Begin
POST: SIF Tests : End, Status Passed

Switch#show version
Cisco IOS Software, IOS-XE Software, Catalyst L3 Switch Software (CAT3K_CAA-UNIVERSALK9-M), Version 03.03.04SE RELEASE SOFTWARE (fc3)
Technical Support: http://www.cisco.com/techsupport
Copyright (c) 1986-2014 by Cisco Systems, Inc.
Compiled Fri 29-Aug-14 22:22 by prod_rel_team



Cisco IOS-XE software, Copyright (c) 2005-2014 by cisco Systems, Inc.
All rights reserved.  Certain components of Cisco IOS-XE software are
licensed under the GNU General Public License ("GPL") Version 2.0.  The
software code licensed under GPL Version 2.0 is free software that comes
with ABSOLUTELY NO WARRANTY.  You can redistribute and/or modify such
GPL code under the terms of GPL Version 2.0.
(http://www.gnu.org/licenses/gpl-2.0.html) For more details, see the
documentation or "License Notice" file accompanying the IOS-XE software,
or the applicable URL provided on the flyer accompanying the IOS-XE
software.



ROM: IOS-XE ROMMON
BOOTLDR: CAT3K_CAA Boot Loader (CAT3K_CAA-HBOOT-M) Version 1.2, RELEASE SOFTWARE (P)

Switch uptime is 4 minutes
Uptime for this control processor is 10 minutes
System returned to ROM by reload at 08:15:13 PDT Tue Nov 12 2019
System image file is "flash:packages.conf"
Last reload reason: reload



This product contains cryptographic features and is subject to United
States and local country laws governing import, export, transfer and
use. Delivery of Cisco cryptographic products does not imply
third-party authority to import, export, distribute or use encryption.
Importers, exporters, distributors and users are responsible for
compliance with U.S. and local country laws. By using this product you
agree to comply with applicable laws and regulations. If you are unable
to comply with U.S. and local laws, return this product immediately.

A summary of U.S. laws governing Cisco cryptographic products may be found at:
http://www.cisco.com/wwl/export/crypto/tool/stqrg.html

If you require further assistance please contact us by sending email to
export@cisco.com.

License Level: Ipbase
License Type: Permanent
Next reload license Level: Ipbase

cisco WS-C3850-48P (MIPS) processor with 4194304K bytes of physical memory.
Processor board ID FOC1835X19H
1 Virtual Ethernet interface
52 Gigabit Ethernet interfaces
4 Ten Gigabit Ethernet interfaces
2048K bytes of non-volatile configuration memory.
4194304K bytes of physical memory.
257008K bytes of Crash Files at crashinfo:.
1550272K bytes of Flash at flash:.
0K bytes of Dummy USB Flash at usbflash0:.
0K bytes of  at webui:.

Base Ethernet MAC Address          : 68:99:cd:6a:3c:00
Motherboard Assembly Number        : 73-14442-10
Motherboard Serial Number          : FOC18348ZG7
Model Revision Number              : R0
Motherboard Revision Number        : A0
Model Number                       : WS-C3850-48P
System Serial Number               : FOC1835X19H


Switch Ports Model              SW Version        SW Image              Mode   
------ ----- -----              ----------        ----------            ----   
*    1 56    WS-C3850-48P       03.03.04SE        cat3k_caa-universalk9 INSTALL


Configuration register is 0x142 (will be 0x102 at next reload)

Switch#show env all
Switch 1 FAN 1 is OK
Switch 1 FAN 2 is OK
Switch 1 FAN 3 is OK
FAN PS-1 is OK
FAN PS-2 is NOT PRESENT
Switch 1: SYSTEM TEMPERATURE is OK
SW  PID                 Serial#     Status           Sys Pwr  PoE Pwr  Watts
--  ------------------  ----------  ---------------  -------  -------  -----
1A  PWR-C1-715WAC       LIT18310Q7Z  OK              Good     Good     715 
1B  Not Present       

Switch#show inventory
NAME: "c3xxx Stack", DESCR: "c3xxx Stack"
PID: WS-C3850-48P      , VID: V04  , SN: FOC1835X19H

NAME: "Switch 1", DESCR: "WS-C3850-48P"
PID: WS-C3850-48P      , VID: V04  , SN: FOC1835X19H

NAME: "Switch 1 - Power Supply A", DESCR: "Switch 1 - Power Supply A"
PID: PWR-C1-715WAC     , VID: V01  , SN: LIT18310Q7Z


Switch#
Switch#
Switch#
Switch#exit
WAC     , VID: V01  , SN: LIT18310PC2


Switch#
Switch#
Switch#
Switch#exit
